
> cloudflare-backup@0.1.0 tauri
> tauri build

        Info Looking up installed tauri packages to check mismatched versions...
     Running beforeBuildCommand `npm run build`

> cloudflare-backup@0.1.0 build
> vite build

vite v6.4.1 building SSR bundle for production...
transforming...
10:22:20 AM [vite-plugin-svelte] src/routes/SyncFolders.svelte:259:10 A form label must be associated with a control
https://svelte.dev/e/a11y_label_has_associated_control
257:       <div class="space-y-4">
258:         <div>
259:           <label class="block text-sm font-medium text-gray-700 dark:text-gray-300 mb-1">
                       ^
260:             Local Folder
261:           </label>
10:22:20 AM [vite-plugin-svelte] src/routes/SyncFolders.svelte:271:10 A form label must be associated with a control
https://svelte.dev/e/a11y_label_has_associated_control
269:         
270:         <div>
271:           <label class="block text-sm font-medium text-gray-700 dark:text-gray-300 mb-1">
                       ^
272:             Remote Path (in R2)
273:           </label>
10:22:20 AM [vite-plugin-svelte] src/components/FilePreviewModal.svelte:148:2 Elements with the 'dialog' interactive role must have a tabindex value
https://svelte.dev/e/a11y_interactive_supports_focus
146: {#if isOpen && file}
147:   <!-- Backdrop -->
148:   <div 
            ^
149:     class="fixed inset-0 bg-black/70 backdrop-blur-sm z-50 flex items-center justify-center p-4"
150:     on:click={handleClose}
10:22:20 AM [vite-plugin-svelte] src/components/FilePreviewModal.svelte:148:2 Visible, non-interactive elements with a click event must be accompanied by a keyboard event handler. Consider whether an interactive element such as `<button type="button">` or `<a>` might be more appropriate
https://svelte.dev/e/a11y_click_events_have_key_events
146: {#if isOpen && file}
147:   <!-- Backdrop -->
148:   <div 
            ^
149:     class="fixed inset-0 bg-black/70 backdrop-blur-sm z-50 flex items-center justify-center p-4"
150:     on:click={handleClose}
10:22:20 AM [vite-plugin-svelte] src/components/FilePreviewModal.svelte:156:4 Visible, non-interactive elements with a click event must be accompanied by a keyboard event handler. Consider whether an interactive element such as `<button type="button">` or `<a>` might be more appropriate
https://svelte.dev/e/a11y_click_events_have_key_events
154:   >
155:     <!-- Modal -->
156:     <div 
              ^
157:       class="bg-white dark:bg-gray-800 rounded-2xl shadow-2xl max-w-5xl w-full max-h-[90vh] flex flex-col overflow-hidden"
158:       on:click|stopPropagation
10:22:20 AM [vite-plugin-svelte] src/components/FilePreviewModal.svelte:156:4 `<div>` with a click handler must have an ARIA role
https://svelte.dev/e/a11y_no_static_element_interactions
154:   >
155:     <!-- Modal -->
156:     <div 
              ^
157:       class="bg-white dark:bg-gray-800 rounded-2xl shadow-2xl max-w-5xl w-full max-h-[90vh] flex flex-col overflow-hidden"
158:       on:click|stopPropagation
10:22:20 AM [vite-plugin-svelte] src/components/FilePreviewModal.svelte:187:8 Buttons and links should either contain text or have an `aria-label`, `aria-labelledby` or `title` attribute
https://svelte.dev/e/a11y_consider_explicit_label
185:           </div>
186:         </div>
187:         <button
                    ^
188:           on:click={handleClose}
189:           class="p-2 hover:bg-gray-100 dark:hover:bg-gray-700 rounded-lg transition-colors"
10:22:20 AM [vite-plugin-svelte] src/components/FilePreviewModal.svelte:250:10 Self-closing HTML tags for non-void elements are ambiguous — use `<iframe ...></iframe>` rather than `<iframe ... />`
https://svelte.dev/e/element_invalid_self_closing_tag
248:           </div>
249:         {:else if fileType === 'pdf' && previewUrl}
250:           <iframe
                 ^
251:             src={previewUrl}
252:             title={file.name}
✓ 199 modules transformed.
rendering chunks...
vite v6.4.1 building for production...
transforming...
10:22:21 AM [vite-plugin-svelte] src/routes/SyncFolders.svelte:259:10 A form label must be associated with a control
https://svelte.dev/e/a11y_label_has_associated_control
257:       <div class="space-y-4">
258:         <div>
259:           <label class="block text-sm font-medium text-gray-700 dark:text-gray-300 mb-1">
                       ^
260:             Local Folder
261:           </label>
10:22:21 AM [vite-plugin-svelte] src/routes/SyncFolders.svelte:271:10 A form label must be associated with a control
https://svelte.dev/e/a11y_label_has_associated_control
269:         
270:         <div>
271:           <label class="block text-sm font-medium text-gray-700 dark:text-gray-300 mb-1">
                       ^
272:             Remote Path (in R2)
273:           </label>
10:22:21 AM [vite-plugin-svelte] src/components/FilePreviewModal.svelte:148:2 Elements with the 'dialog' interactive role must have a tabindex value
https://svelte.dev/e/a11y_interactive_supports_focus
146: {#if isOpen && file}
147:   <!-- Backdrop -->
148:   <div 
            ^
149:     class="fixed inset-0 bg-black/70 backdrop-blur-sm z-50 flex items-center justify-center p-4"
150:     on:click={handleClose}
10:22:21 AM [vite-plugin-svelte] src/components/FilePreviewModal.svelte:148:2 Visible, non-interactive elements with a click event must be accompanied by a keyboard event handler. Consider whether an interactive element such as `<button type="button">` or `<a>` might be more appropriate
https://svelte.dev/e/a11y_click_events_have_key_events
146: {#if isOpen && file}
147:   <!-- Backdrop -->
148:   <div 
            ^
149:     class="fixed inset-0 bg-black/70 backdrop-blur-sm z-50 flex items-center justify-center p-4"
150:     on:click={handleClose}
10:22:21 AM [vite-plugin-svelte] src/components/FilePreviewModal.svelte:156:4 Visible, non-interactive elements with a click event must be accompanied by a keyboard event handler. Consider whether an interactive element such as `<button type="button">` or `<a>` might be more appropriate
https://svelte.dev/e/a11y_click_events_have_key_events
154:   >
155:     <!-- Modal -->
156:     <div 
              ^
157:       class="bg-white dark:bg-gray-800 rounded-2xl shadow-2xl max-w-5xl w-full max-h-[90vh] flex flex-col overflow-hidden"
158:       on:click|stopPropagation
10:22:21 AM [vite-plugin-svelte] src/components/FilePreviewModal.svelte:156:4 `<div>` with a click handler must have an ARIA role
https://svelte.dev/e/a11y_no_static_element_interactions
154:   >
155:     <!-- Modal -->
156:     <div 
              ^
157:       class="bg-white dark:bg-gray-800 rounded-2xl shadow-2xl max-w-5xl w-full max-h-[90vh] flex flex-col overflow-hidden"
158:       on:click|stopPropagation
10:22:21 AM [vite-plugin-svelte] src/components/FilePreviewModal.svelte:187:8 Buttons and links should either contain text or have an `aria-label`, `aria-labelledby` or `title` attribute
https://svelte.dev/e/a11y_consider_explicit_label
185:           </div>
186:         </div>
187:         <button
                    ^
188:           on:click={handleClose}
189:           class="p-2 hover:bg-gray-100 dark:hover:bg-gray-700 rounded-lg transition-colors"
10:22:21 AM [vite-plugin-svelte] src/components/FilePreviewModal.svelte:250:10 Self-closing HTML tags for non-void elements are ambiguous — use `<iframe ...></iframe>` rather than `<iframe ... />`
https://svelte.dev/e/element_invalid_self_closing_tag
248:           </div>
249:         {:else if fileType === 'pdf' && previewUrl}
250:           <iframe
                 ^
251:             src={previewUrl}
252:             title={file.name}
✓ 166 modules transformed.
rendering chunks...
[plugin vite:reporter] 
(!) /Users/joshua/Dev/tauri-drive/node_modules/@tauri-apps/plugin-dialog/dist-js/index.js is dynamically imported by /Users/joshua/Dev/tauri-drive/src/routes/Browser.svelte but also statically imported by /Users/joshua/Dev/tauri-drive/src/routes/Browser.svelte, /Users/joshua/Dev/tauri-drive/src/routes/Settings.svelte, /Users/joshua/Dev/tauri-drive/src/routes/SyncFolders.svelte, dynamic import will not move module into another chunk.

computing gzip size...
.svelte-kit/output/client/_app/version.json                        0.03 kB │ gzip:  0.05 kB
.svelte-kit/output/client/.vite/manifest.json                      3.37 kB │ gzip:  0.64 kB
.svelte-kit/output/client/_app/immutable/assets/0.Bjd2Zt1l.css    39.22 kB │ gzip:  6.87 kB
.svelte-kit/output/client/_app/immutable/entry/start.CrB5COYP.js   0.08 kB │ gzip:  0.09 kB
.svelte-kit/output/client/_app/immutable/nodes/0.Dpzy03nN.js       0.47 kB │ gzip:  0.34 kB
.svelte-kit/output/client/_app/immutable/chunks/CU7vLjS7.js        0.52 kB │ gzip:  0.33 kB
.svelte-kit/output/client/_app/immutable/nodes/1.DTYDtnRp.js       0.59 kB │ gzip:  0.37 kB
.svelte-kit/output/client/_app/immutable/chunks/BeygZ-QA.js        0.71 kB │ gzip:  0.42 kB
.svelte-kit/output/client/_app/immutable/chunks/BrDjJt1a.js        1.08 kB │ gzip:  0.63 kB
.svelte-kit/output/client/_app/immutable/chunks/BtXXP_Ey.js        1.32 kB │ gzip:  0.70 kB
.svelte-kit/output/client/_app/immutable/chunks/DLjF2Z9z.js        2.27 kB │ gzip:  0.99 kB
.svelte-kit/output/client/_app/immutable/chunks/CZwBZ1fm.js        3.54 kB │ gzip:  1.77 kB
.svelte-kit/output/client/_app/immutable/entry/app.DRydQMsM.js     4.93 kB │ gzip:  2.22 kB
.svelte-kit/output/client/_app/immutable/chunks/Ca4TErxN.js        7.36 kB │ gzip:  3.11 kB
.svelte-kit/output/client/_app/immutable/chunks/4tgWKzmc.js       24.42 kB │ gzip:  9.41 kB
.svelte-kit/output/client/_app/immutable/chunks/Cyqmodu-.js       27.55 kB │ gzip: 10.66 kB
.svelte-kit/output/client/_app/immutable/nodes/2.phTkSRMB.js      80.31 kB │ gzip: 22.15 kB
✓ built in 665ms
.svelte-kit/output/server/.vite/manifest.json                           3.09 kB
.svelte-kit/output/server/_app/immutable/assets/_layout.CADonX13.css   39.11 kB
.svelte-kit/output/server/chunks/false.js                               0.05 kB
.svelte-kit/output/server/entries/pages/_layout.ts.js                   0.07 kB
.svelte-kit/output/server/entries/fallbacks/layout.svelte.js            0.17 kB
.svelte-kit/output/server/internal.js                                   0.33 kB
.svelte-kit/output/server/chunks/environment.js                         0.62 kB
.svelte-kit/output/server/chunks/utils.js                               1.15 kB
.svelte-kit/output/server/entries/fallbacks/error.svelte.js             1.35 kB
.svelte-kit/output/server/chunks/index.js                               3.00 kB
.svelte-kit/output/server/chunks/exports.js                             5.52 kB
.svelte-kit/output/server/entries/pages/_page.svelte.js                 6.31 kB
.svelte-kit/output/server/chunks/shared.js                             17.66 kB
.svelte-kit/output/server/remote-entry.js                              18.87 kB
.svelte-kit/output/server/chunks/index2.js                             25.15 kB
.svelte-kit/output/server/chunks/internal.js                           28.31 kB
.svelte-kit/output/server/chunks/context.js                            52.55 kB
.svelte-kit/output/server/index.js                                    126.24 kB
✓ built in 2.46s

Run npm run preview to preview your production build locally.

> Using @sveltejs/adapter-static
Overwriting build/index.html with fallback page. Consider using a different name for the fallback.
  Wrote site to "build"
  ✔ done
   Compiling libc v0.2.177
   Compiling proc-macro2 v1.0.103
   Compiling quote v1.0.42
   Compiling unicode-ident v1.0.22
   Compiling shlex v1.3.0
   Compiling find-msvc-tools v0.1.5
   Compiling cfg-if v1.0.4
   Compiling serde v1.0.228
   Compiling serde_core v1.0.228
   Compiling parking_lot_core v0.9.12
   Compiling version_check v0.9.5
   Compiling zerocopy v0.8.30
   Compiling typenum v1.19.0
   Compiling autocfg v1.5.0
   Compiling smallvec v1.15.1
   Compiling itoa v1.0.15
   Compiling generic-array v0.14.7
   Compiling bytes v1.11.0
   Compiling icu_properties_data v2.1.1
   Compiling memchr v2.7.6
   Compiling icu_normalizer_data v2.1.1
   Compiling scopeguard v1.2.0
   Compiling pin-project-lite v0.2.16
   Compiling lock_api v0.4.14
   Compiling num-conv v0.1.0
   Compiling time-core v0.1.6
   Compiling log v0.4.28
   Compiling stable_deref_trait v1.2.1
   Compiling dunce v1.0.5
   Compiling futures-core v0.3.31
   Compiling subtle v2.6.1
   Compiling thiserror v2.0.17
   Compiling fnv v1.0.7
   Compiling futures-sink v0.3.31
   Compiling once_cell v1.21.3
   Compiling siphasher v1.0.1
   Compiling phf_shared v0.11.3
   Compiling ryu v1.0.20
   Compiling futures-io v0.3.31
   Compiling http v1.4.0
   Compiling syn v2.0.111
   Compiling jobserver v0.1.34
   Compiling getrandom v0.2.16
   Compiling cc v1.2.47
   Compiling rand_core v0.6.4
   Compiling mio v1.1.0
   Compiling socket2 v0.6.1
   Compiling signal-hook-registry v1.4.7
   Compiling bitflags v2.10.0
   Compiling litemap v0.8.1
   Compiling writeable v0.6.2
   Compiling serde_json v1.0.145
   Compiling siphasher v0.3.11
   Compiling pin-utils v0.1.0
   Compiling ring v0.17.14
   Compiling getrandom v0.1.16
   Compiling synstructure v0.13.2
   Compiling semver v1.0.27
   Compiling powerfmt v0.2.0
   Compiling deranged v0.5.5
   Compiling objc2-exception-helper v0.1.1
   Compiling time-macros v0.2.24
   Compiling ppv-lite86 v0.2.21
   Compiling rand_chacha v0.3.1
   Compiling rand v0.8.5
   Compiling typeid v1.0.3
   Compiling serde_derive v1.0.228
   Compiling zerofrom-derive v0.1.6
   Compiling yoke-derive v0.8.1
   Compiling zerovec-derive v0.11.2
   Compiling displaydoc v0.2.5
   Compiling parking_lot v0.12.5
   Compiling tokio-macros v2.6.0
   Compiling zeroize_derive v1.4.2
   Compiling thiserror-impl v2.0.17
   Compiling zerofrom v0.1.6
   Compiling phf_generator v0.11.3
   Compiling tokio v1.48.0
   Compiling tracing-attributes v0.1.30
   Compiling time v0.3.44
   Compiling zeroize v1.8.2
   Compiling crypto-common v0.1.7
   Compiling percent-encoding v2.3.2
   Compiling crc32fast v1.5.0
   Compiling equivalent v1.0.2
   Compiling slab v0.4.11
   Compiling form_urlencoded v1.2.2
   Compiling futures-channel v0.3.31
   Compiling erased-serde v0.4.9
   Compiling utf8_iter v1.0.4
   Compiling thiserror v1.0.69
   Compiling ident_case v1.0.1
   Compiling syn v1.0.109
   Compiling strsim v0.11.1
   Compiling objc2 v0.6.3
   Compiling darling_core v0.21.3
   Compiling phf_macros v0.11.3
   Compiling futures-macro v0.3.31
   Compiling rand_core v0.5.1
   Compiling futures-task v0.3.31
   Compiling hashbrown v0.16.1
   Compiling objc2-encode v4.1.0
   Compiling core-foundation-sys v0.8.7
   Compiling indexmap v2.12.1
   Compiling futures-util v0.3.31
   Compiling yoke v0.8.1
   Compiling darling_macro v0.21.3
   Compiling rand_chacha v0.2.2
   Compiling rand_pcg v0.2.1
   Compiling thiserror-impl v1.0.69
   Compiling phf_shared v0.8.0
   Compiling tracing-core v0.1.34
   Compiling num-traits v0.2.19
   Compiling crossbeam-utils v0.8.21
   Compiling proc-macro-hack v0.5.20+deprecated
   Compiling anyhow v1.0.100
   Compiling tracing v0.1.41
   Compiling rand v0.7.3
   Compiling darling v0.21.3
   Compiling phf_shared v0.10.0
   Compiling pkg-config v0.3.32
   Compiling new_debug_unreachable v1.0.6
   Compiling byteorder v1.5.0
   Compiling tokio-util v0.7.17
   Compiling getrandom v0.3.4
   Compiling zerovec v0.11.5
   Compiling zerotrie v0.2.3
   Compiling serde_with_macros v3.16.0
   Compiling phf_generator v0.10.0
   Compiling phf_generator v0.8.0
   Compiling block-buffer v0.10.4
   Compiling string_cache_codegen v0.5.4
   Compiling phf_codegen v0.11.3
   Compiling mac v0.1.1
   Compiling winnow v0.7.13
   Compiling precomputed-hash v0.1.1
   Compiling futf v0.1.5
   Compiling markup5ever v0.14.1
   Compiling digest v0.10.7
   Compiling phf_codegen v0.8.0
   Compiling cssparser v0.29.6
   Compiling phf_macros v0.10.0
   Compiling either v1.15.0
   Compiling rustc_version v0.4.1
   Compiling serde_spanned v1.0.3
   Compiling toml_datetime v0.7.3
   Compiling http-body v1.0.1
   Compiling http v0.2.12
   Compiling bitflags v1.3.2
   Compiling dtoa v1.0.10
   Compiling utf-8 v0.7.6
   Compiling toml_writer v1.0.4
   Compiling dtoa-short v0.3.5
   Compiling tendril v0.4.3
   Compiling selectors v0.24.0
   Compiling uuid v1.18.1
   Compiling string_cache v0.8.9
   Compiling objc2-core-foundation v0.3.2
   Compiling phf v0.11.3
   Compiling tinystr v0.8.2
   Compiling potential_utf v0.1.4
   Compiling toml_parser v1.0.4
   Compiling icu_locale_core v2.1.1
   Compiling icu_collections v2.1.1
   Compiling toml v0.9.8
   Compiling ctor v0.2.9
   Compiling cssparser-macros v0.6.1
   Compiling icu_provider v2.1.1
   Compiling aho-corasick v1.1.4
   Compiling indexmap v1.9.3
   Compiling icu_normalizer v2.1.1
   Compiling icu_properties v2.1.1
   Compiling alloc-no-stdlib v2.0.4
   Compiling convert_case v0.4.0
   Compiling camino v1.2.1
   Compiling regex-syntax v0.8.8
   Compiling phf v0.10.1
   Compiling unic-char-range v0.9.0
   Compiling untrusted v0.9.0
   Compiling matches v0.1.10
   Compiling unic-common v0.9.0
   Compiling nodrop v0.1.14
   Compiling unic-ucd-version v0.9.0
   Compiling servo_arc v0.2.0
   Compiling unic-char-property v0.9.0
   Compiling derive_more v0.99.20
   Compiling alloc-stdlib v0.2.2
   Compiling http-body v0.4.6
   Compiling idna_adapter v1.2.1
   Compiling idna v1.1.0
   Compiling url v2.5.7
   Compiling fxhash v0.2.1
   Compiling swift-rs v1.0.7
   Compiling phf v0.8.0
   Compiling match_token v0.1.0
   Compiling regex-automata v0.4.13
   Compiling serde_derive_internals v0.29.1
   Compiling cmake v0.1.54
   Compiling fs_extra v1.3.0
   Compiling schemars v0.8.22
   Compiling hashbrown v0.12.3
   Compiling aws-lc-sys v0.34.0
   Compiling html5ever v0.29.1
   Compiling schemars_derive v0.8.22
   Compiling brotli-decompressor v5.0.0
   Compiling unic-ucd-ident v0.9.0
   Compiling cfb v0.7.3
   Compiling cargo-platform v0.1.9
   Compiling jsonptr v0.6.3
   Compiling base64 v0.22.1
   Compiling regex v1.12.2
   Compiling dyn-clone v1.0.20
   Compiling same-file v1.0.6
   Compiling outref v0.5.2
   Compiling base64 v0.21.7
   Compiling vsimd v0.8.0
   Compiling walkdir v2.5.0
   Compiling urlpattern v0.3.0
   Compiling infer v0.19.0
   Compiling brotli v8.0.2
   Compiling base64-simd v0.8.0
   Compiling cargo_metadata v0.19.2
   Compiling serde-untagged v0.1.9
   Compiling http-body-util v0.1.3
   Compiling bytes-utils v0.1.4
   Compiling json-patch v3.0.1
   Compiling block2 v0.6.2
   Compiling serde_with v3.16.0
   Compiling num-integer v0.1.46
   Compiling core-foundation v0.10.1
   Compiling cpufeatures v0.2.17
   Compiling glob v0.3.3
   Compiling aws-smithy-types v1.3.4
   Compiling rustls-pki-types v1.13.0
   Compiling aws-lc-rs v1.15.1
   Compiling objc2-foundation v0.3.2
   Compiling kuchikiki v0.8.8-speedreader
   Compiling heck v0.5.0
   Compiling aws-smithy-async v1.2.6
   Compiling quick-xml v0.38.4
   Compiling httparse v1.10.1
   Compiling rustls v0.23.35
   Compiling aws-smithy-runtime-api v1.9.2
   Compiling security-framework-sys v2.15.0
   Compiling const-oid v0.9.6
   Compiling try-lock v0.2.5
   Compiling tauri-utils v2.8.0
   Compiling option-ext v0.2.0
   Compiling dirs-sys v0.5.0
   Compiling want v0.3.1
   Compiling der v0.6.1
   Compiling embed-resource v3.0.6
   Compiling plist v1.8.0
   Compiling objc2-core-text v0.3.2
   Compiling objc2-core-video v0.3.2
   Compiling objc2-core-graphics v0.3.2
   Compiling tower-service v0.3.3
   Compiling base64ct v1.8.0
   Compiling spki v0.6.0
   Compiling tauri-winres v0.3.5
   Compiling dirs v6.0.0
   Compiling sha2 v0.10.9
   Compiling cargo_toml v0.22.3
   Compiling hmac v0.12.1
   Compiling rustls v0.21.12
   Compiling atomic-waker v1.1.2
   Compiling h2 v0.4.12
   Compiling pkcs8 v0.9.0
   Compiling sct v0.7.1
   Compiling rustls-webpki v0.101.7
   Compiling crypto-bigint v0.4.9
   Compiling core-foundation v0.9.4
   Compiling ff v0.12.1
   Compiling simd-adler32 v0.3.7
   Compiling base16ct v0.1.1
   Compiling sec1 v0.3.0
   Compiling rustls-pemfile v1.0.4
   Compiling group v0.12.1
   Compiling security-framework v2.11.1
   Compiling security-framework v3.5.1
   Compiling aws-smithy-eventstream v0.60.13
   Compiling h2 v0.3.27
   Compiling socket2 v0.5.10
   Compiling adler2 v2.0.1
   Compiling vcpkg v0.2.15
   Compiling raw-window-handle v0.6.2
   Compiling ipnet v2.11.0
   Compiling httpdate v1.0.3
   Compiling tokio-rustls v0.24.1
   Compiling hyper v1.8.1
   Compiling libsqlite3-sys v0.30.1
   Compiling tauri-build v2.5.2
   Compiling tauri-plugin v2.5.1
   Compiling rustls-native-certs v0.8.2
   Compiling rustls-native-certs v0.6.3
   Compiling miniz_oxide v0.8.9
   Compiling hyper-util v0.1.18
   Compiling aws-smithy-http v0.62.5
   Compiling elliptic-curve v0.12.3
   Compiling rfc6979 v0.3.1
   Compiling signature v1.6.4
   Compiling dpi v0.1.2
   Compiling cookie v0.18.1
   Compiling crc-catalog v2.4.0
   Compiling tower-layer v0.3.3
   Compiling tower v0.5.2
   Compiling hyper v0.14.32
   Compiling crc v3.3.0
   Compiling objc2-core-image v0.3.2
   Compiling objc2-quartz-core v0.3.2
   Compiling objc2-cloud-kit v0.3.2
   Compiling objc2-core-data v0.3.2
   Compiling ecdsa v0.14.8
   Compiling flate2 v1.1.5
   Compiling objc2-app-kit v0.3.2
   Compiling fdeflate v0.3.7
   Compiling aws-credential-types v1.2.10
   Compiling crossbeam-channel v0.5.15
   Compiling objc2-security v0.3.2
   Compiling aws-types v1.3.10
   Compiling objc2-javascript-core v0.3.2
   Compiling foreign-types-macros v0.2.3
   Compiling hyper-rustls v0.24.2
   Compiling tauri v2.9.3
   Compiling hex v0.4.3
   Compiling foreign-types-shared v0.3.1
   Compiling foreign-types v0.5.0
   Compiling png v0.17.16
   Compiling p256 v0.11.1
   Compiling aws-smithy-observability v0.1.4
   Compiling core-graphics-types v0.2.0
   Compiling crypto-bigint v0.5.5
   Compiling fastrand v2.3.0
   Compiling wry v0.53.5
   Compiling foldhash v0.1.5
   Compiling tauri-runtime v2.9.1
   Compiling allocator-api2 v0.2.21
   Compiling hashbrown v0.15.5
   Compiling aws-sigv4 v1.3.6
   Compiling core-graphics v0.24.0
   Compiling ico v0.4.0
   Compiling rustls-webpki v0.103.8
   Compiling concurrent-queue v2.5.0
   Compiling webpki-roots v1.0.4
   Compiling zstd-sys v2.0.16+zstd.1.5.7
   Compiling parking v2.2.1
   Compiling tauri-runtime-wry v2.9.1
   Compiling unicode-segmentation v1.12.0
   Compiling lazy_static v1.5.0
   Compiling dispatch v0.2.0
   Compiling keyboard-types v0.7.0
   Compiling event-listener v5.4.1
   Compiling webpki-roots v0.26.11
   Compiling tauri-codegen v2.5.1
   Compiling hashlink v0.10.0
   Compiling tauri-plugin-fs v2.4.4
   Compiling tokio-stream v0.1.17
   Compiling crossbeam-queue v0.3.12
   Compiling futures-intrusive v0.5.0
   Compiling aws-smithy-json v0.61.7
   Compiling rand_core v0.9.3
   Compiling inout v0.1.4
   Compiling serialize-to-javascript-impl v0.1.2
   Compiling spin v0.9.8
   Compiling regex-lite v0.1.8
   Compiling rustversion v1.0.22
   Compiling tauri-macros v2.5.1
   Compiling flume v0.11.1
   Compiling serialize-to-javascript v0.1.2
   Compiling cipher v0.4.4
   Compiling rand_chacha v0.9.0
   Compiling sqlx-core v0.8.6
   Compiling atoi v2.0.0
   Compiling futures-executor v0.3.31
   Compiling bzip2-sys v0.1.13+1.0.8
   Compiling lzma-sys v0.1.20
   Compiling serde_urlencoded v0.7.1
   Compiling serde_repr v0.1.20
   Compiling zstd-safe v7.2.4
   Compiling embed_plist v1.2.2
   Compiling xmlparser v0.13.6
   Compiling mime v0.3.17
   Compiling aws-smithy-xml v0.60.12
   Compiling rand v0.9.2
   Compiling tauri-plugin-opener v2.5.2
   Compiling tauri-plugin-dialog v2.4.2
   Compiling sha1 v0.10.6
   Compiling universal-hash v0.5.1
   Compiling sqlx-sqlite v0.8.6
   Compiling rfd v0.15.4
   Compiling utf8parse v0.2.2
   Compiling urlencoding v2.1.3
   Compiling dotenvy v0.15.7
   Compiling opaque-debug v0.3.1
   Compiling polyval v0.6.2
   Compiling aws-smithy-query v0.60.8
   Compiling anstyle-parse v0.2.7
   Compiling crc-fast v1.6.0
   Compiling aes v0.8.4
   Compiling dispatch2 v0.3.0
   Compiling md-5 v0.10.6
   Compiling colorchoice v1.0.4
   Compiling is_terminal_polyfill v1.70.2
   Compiling bumpalo v3.19.0
   Compiling anstyle-query v1.1.5
   Compiling anstyle v1.0.13
   Compiling pathdiff v0.2.3
   Compiling zip v2.4.2
   Compiling zopfli v0.8.3
   Compiling open v5.3.3
   Compiling anstream v0.6.21
   Compiling xz2 v0.1.7
   Compiling bzip2 v0.5.2
   Compiling ghash v0.5.1
   Compiling ctr v0.9.2
   Compiling lru v0.12.5
   Compiling sqlx-macros-core v0.8.6
   Compiling cloudflare-backup v0.1.0 (/Users/joshua/Dev/tauri-drive/src-tauri)
   Compiling lzma-rs v0.3.0
   Compiling dirs-sys v0.4.1
   Compiling env_filter v0.1.4
   Compiling pbkdf2 v0.12.2
   Compiling iana-time-zone v0.1.64
   Compiling aead v0.5.2
   Compiling fsevent-sys v4.1.0
   Compiling filetime v0.2.26
   Compiling jiff v0.2.16
   Compiling constant_time_eq v0.3.1
   Compiling sqlx-macros v0.8.6
   Compiling deflate64 v0.1.10
   Compiling notify v6.1.1
   Compiling aes-gcm v0.10.3
   Compiling chrono v0.4.42
   Compiling dirs v5.0.1
   Compiling futures v0.3.31
   Compiling aws-smithy-checksums v0.63.11
   Compiling env_logger v0.11.8
   Compiling zstd v0.13.3
   Compiling tokio-rustls v0.26.4
   Compiling hyper-rustls v0.27.7
   Compiling aws-smithy-http-client v1.1.4
   Compiling aws-smithy-runtime v1.9.4
   Compiling aws-runtime v1.5.16
   Compiling aws-sdk-ssooidc v1.92.0
   Compiling aws-sdk-sso v1.90.0
   Compiling aws-sdk-sts v1.94.0
   Compiling aws-sdk-s3 v1.115.0
   Compiling objc2-web-kit v0.3.2
   Compiling tao v0.34.5
   Compiling muda v0.17.1
   Compiling window-vibrancy v0.6.0
   Compiling aws-config v1.8.11
   Compiling sqlx v0.8.6
warning: variable does not need to be mutable
   --> src/r2/multipart.rs:162:9
    |
162 |         mut progress_callback: F,
    |         ----^^^^^^^^^^^^^^^^^
    |         |
    |         help: remove this `mut`
    |
    = note: `#[warn(unused_mut)]` (part of `#[warn(unused)]`) on by default

warning: function `get_object` is never used
  --> src/r2/operations.rs:98:14
   |
98 | pub async fn get_object(
   |              ^^^^^^^^^^
   |
   = note: `#[warn(dead_code)]` (part of `#[warn(unused)]`) on by default

warning: function `copy_object` is never used
   --> src/r2/operations.rs:160:14
    |
160 | pub async fn copy_object(
    |              ^^^^^^^^^^^

warning: methods `upload_id`, `cancel`, and `upload_file_with_progress` are never used
   --> src/r2/multipart.rs:68:12
    |
 36 | impl MultipartUpload {
    | -------------------- methods in this implementation
...
 68 |     pub fn upload_id(&self) -> &str {
    |            ^^^^^^^^^
...
 72 |     pub fn cancel(&self) {
    |            ^^^^^^
...
307 |     pub async fn upload_file_with_progress<F>(
    |                  ^^^^^^^^^^^^^^^^^^^^^^^^^

warning: struct `R2Bucket` is never constructed
  --> src/utils/types.rs:14:12
   |
14 | pub struct R2Bucket {
   |            ^^^^^^^^

warning: struct `AppSettings` is never constructed
  --> src/utils/types.rs:64:12
   |
64 | pub struct AppSettings {
   |            ^^^^^^^^^^^

warning: associated function `hash` is never used
   --> src/crypto/mod.rs:125:12
    |
 19 | impl Crypto {
    | ----------- associated function in this implementation
...
125 |     pub fn hash(value: &str) -> String {
    |            ^^^^

warning: `cloudflare-backup` (lib) generated 7 warnings (run `cargo fix --lib -p cloudflare-backup` to apply 1 suggestion)
    Finished `release` profile [optimized] target(s) in 5m 22s
       Built application at: /Users/joshua/Dev/tauri-drive/src-tauri/target/release/cloudflare-backup
    Bundling Cloudflare Backup.app (/Users/joshua/Dev/tauri-drive/src-tauri/target/release/bundle/macos/Cloudflare Backup.app)
    Bundling Cloudflare Backup_0.1.0_aarch64.dmg (/Users/joshua/Dev/tauri-drive/src-tauri/target/release/bundle/dmg/Cloudflare Backup_0.1.0_aarch64.dmg)
     Running bundle_dmg.sh
failed to bundle project error running bundle_dmg.sh: `failed to run /Users/joshua/Dev/tauri-drive/src-tauri/target/release/bundle/dmg/bundle_dmg.sh`
       Error failed to bundle project error running bundle_dmg.sh: `failed to run /Users/joshua/Dev/tauri-drive/src-tauri/target/release/bundle/dmg/bundle_dmg.sh`
